// Jest Snapshot v1, https://goo.gl/fbAQLP

exports[`Search component tests Snapshot test for Search 1`] = `
<div
  className="text-l text-left bg-blue-300"
>
  <input
    className="ml-2 py-3 px-4 rounded"
    onChange={[Function]}
    placeholder=" e.g. rafeyhusain"
    value="rafeyhusain"
  />
  Â 
  <button
    className="bg-yellow-500 hover:bg-yellow-400 text-white py-2 px-4 rounded"
    onClick={[Function]}
  >
    Search
  </button>
</div>
`;
